// Jest Snapshot v1, https://goo.gl/fbAQLP

exports[`smoke and snapshot tests should match snapshot 1`] = `
<DocumentFragment>
  <div>
    <div
      class="col-12"
    >
      <div
        class="d-flex justify-content-end"
      >
        <div
          class="ticketInput"
          style="width: 50%;"
        >
          <label />
          <input
            class="form-control mb-2 form-control-sm"
            id="ticket-search"
            placeholder="Search ticket by title or description"
            type="search"
          />
        </div>
      </div>
    </div>
  </div>
  <div
    class="sc-dmctIk WQNxq"
  >
    <div
      class="sc-fLcnxK dApqnJ"
    >
      <div
        class="sc-bcXHqe kVrXuC rdt_Table"
        role="table"
      >
        <div
          class="sc-iveFHk bzRnkJ"
        >
          <div
            style="padding: 24px;"
          >
            There are no records to display
          </div>
        </div>
      </div>
    </div>
  </div>
</DocumentFragment>
`;
