// Jest Snapshot v1, https://goo.gl/fbAQLP

exports[`smoke and snapshot tests should match snapshot 1`] = `
<DocumentFragment>
  <div
    class="d-flex justify-content-between flex-lg-row flex-column"
  >
    <div
      class="ticketInput me-lg-2 w-100"
    >
      <label />
      <input
        class="ticket-search form-control mb-2 form-control-sm"
        placeholder="Search ticket by project name"
        type="search"
      />
    </div>
    <div
      class="projectInput ms-lg-2 w-100"
    >
      <label />
      <input
        class="ticket-search form-control mb-2 form-control-sm"
        placeholder="Search ticket by title or description"
        type="search"
      />
    </div>
  </div>
  <div
    class="sc-dmctIk WQNxq"
  >
    <div
      class="sc-fLcnxK dApqnJ"
    >
      <div
        class="sc-bcXHqe kVrXuC rdt_Table"
        role="table"
      >
        <div
          class="sc-iveFHk bzRnkJ"
        >
          <div
            style="padding: 24px;"
          >
            There are no records to display
          </div>
        </div>
      </div>
    </div>
  </div>
</DocumentFragment>
`;
