// Jest Snapshot v1, https://goo.gl/fbAQLP

exports[`smoke and snapshot tests should match snapshot 1`] = `
<DocumentFragment>
  <div
    class="col-md-6 col-lg-3"
  >
    <div
      class="mb-4 ticketBox card"
      data-testid="ticket-box"
    >
      <div
        class="px-5 py-3 rounded text-center"
        data-testid="ticket-box-body"
      >
        <h1
          data-testid="ticket-box-number"
        />
        <h6
          data-testid="ticket-box-title"
        />
      </div>
    </div>
  </div>
</DocumentFragment>
`;
