// Jest Snapshot v1, https://goo.gl/fbAQLP

exports[`smoke and snapshot tests should match snapshot 1`] = `
<DocumentFragment>
  <div
    class="col-lg-4 col-md-6"
  >
    <div
      class="mb-5 project-card card"
      data-testid="project-card"
    >
      <div
        class="card-body"
      >
        <div
          class="d-flex align-items-center justify-content-between"
        >
          <div
            class="project-name"
          >
            <h4
              class="h3 mb-0 fw-bold mb-2"
              data-testid="project-header"
            />
          </div>
        </div>
        <div
          class="row g-2 pt-4"
        >
          <div
            class="col-6"
          >
            <div
              class="d-flex align-items-center"
            >
              <i
                class="rounded-circle p-2 bx bx-paperclip"
                data-testid="project-card-icon"
                style="background: rgba(21, 207, 255, 0.565);"
              />
              <span
                class="ms-2"
                data-testid="project-date"
              >
                Created:  
              </span>
            </div>
          </div>
          <div
            class="col-6"
          >
            <div
              class="d-flex align-items-center"
            >
              <i
                class="rounded-circle p-2 bx bxs-hourglass-top"
                data-testid="project-card-icon"
                style="background: rgba(0, 208, 156, 0.565);"
              />
              <span
                class="ms-2"
                data-testid="project-deadline"
              >
                Deadline:  
              </span>
            </div>
          </div>
          <div
            class="col-6"
          >
            <div
              class="d-flex align-items-center"
            >
              <i
                class="rounded-circle p-2 bx bxs-report"
                data-testid="project-card-icon"
                style="background: rgba(255, 195, 109, 0.565);"
              />
              <span
                class="ms-2"
                data-testid="project-status"
              >
                Status: 
              </span>
            </div>
          </div>
          <div
            class="col-6"
          >
            <div
              class="d-flex align-items-center"
            >
              <i
                class="rounded-circle p-2 bx bx-note"
                data-testid="project-card-icon"
                style="background: rgba(255, 80, 80, 0.565);"
              />
              <span
                class="ms-2"
                data-testid="project-tickets"
              >
                 tickets
              </span>
            </div>
          </div>
        </div>
        <div
          class="dividers-block"
        />
        <div
          class="d-flex align-items-center justify-content-center mt-3 mb-2"
        >
          <h5
            class="fw-bold mb-0"
          >
            Progress
          </h5>
        </div>
        <div
          class="progress mt-3"
          data-testid="project-progress"
          style="height: 2rem;"
        >
          0
        </div>
      </div>
    </div>
    <div
      aria-hidden="true"
      class="modal fade"
      data-testid="delete-modal"
      id="deleteProjectundefined"
      style="display: none;"
      tabindex="-1"
    >
      <div
        class="modal-dialog modal-dialog-centered modal-md modal-dialog-scrollable"
      >
        <div
          class="modal-content"
        >
          <div
            class="modal-header"
          >
            <h5
              class="modal-title  fw-bold"
              data-testid="header"
              id="deleteProjectLabel"
            >
               Delete item Permanently?
            </h5>
            <button
              aria-label="Close"
              class="btn-close"
              data-bs-dismiss="modal"
              data-testid="close-btn"
              type="button"
            />
          </div>
          <div
            class="modal-body justify-content-center flex-column d-flex"
          >
            <i
              class="bx bxs-trash text-danger display-2 text-center mt-2"
              data-testid="delete-icon"
            />
            <p
              class="mt-4 fs-3 text-center"
              data-testid="delete-text"
            >
              You can only delete this item Permanently
            </p>
          </div>
          <div
            class="modal-footer"
          >
            <button
              class="fs-5 btn btn-secondary"
              data-bs-dismiss="modal"
              data-testid="cancel-btn"
              type="button"
            >
              Cancel
            </button>
            <button
              class="fs-5 btn btn-danger color-fff"
              data-bs-dismiss="modal"
              data-testid="delete-btn"
              type="button"
            >
              Delete
            </button>
          </div>
        </div>
      </div>
    </div>
    <div
      aria-hidden="true"
      class="modal fade"
      data-testid="edit-modal"
      id="editProjectundefined"
      tabindex="-1"
    >
      <div
        class="modal-dialog modal-dialog-centered modal-md modal-dialog-scrollable"
      >
        <div
          class="modal-content"
        >
          <div
            class="modal-header"
          >
            <h5
              class="modal-title  fw-bold"
              data-testid="header"
              id="editProjectLabel"
            >
               Edit Project
            </h5>
            <button
              aria-label="Close"
              class="btn-close"
              data-bs-dismiss="modal"
              data-testid="close-btn"
              type="button"
            />
          </div>
          <div
            class="modal-body"
          >
            <div
              class="mb-3"
            >
              <label
                class="form-label"
                for="name"
              >
                Project Name
              </label>
              <input
                class="form-control"
                data-testid="input"
                id="name"
                name="name"
                type="text"
                value=""
              />
            </div>
            <div
              class="deadline-form"
            >
              <form>
                <div
                  class="row g-3 mb-3"
                >
                  <div
                    class="col"
                  >
                    <label
                      class="form-label"
                      for="deadline"
                    >
                      Deadline
                    </label>
                    <input
                      class="form-control"
                      data-testid="input"
                      id="deadline"
                      name="deadline"
                      type="date"
                      value=""
                    />
                  </div>
                </div>
              </form>
            </div>
            <div
              class="row g-3 mb-3"
            >
              <div
                class="col-sm"
              >
                <label
                  class="form-label"
                  for="status"
                >
                  Status
                </label>
                <select
                  aria-label="Default select Priority"
                  class="form-select"
                  data-testid="input"
                  name="status"
                >
                  <option />
                  <option
                    value="Open"
                  >
                    Open
                  </option>
                  <option
                    value="In Progress"
                  >
                    In Progress
                  </option>
                  <option
                    value="Closed"
                  >
                    Closed
                  </option>
                </select>
              </div>
            </div>
            <div
              class="mb-3"
            >
              <label
                class="form-label"
                for="description"
              >
                Description (optional)
              </label>
              <textarea
                class="form-control"
                data-testid="input"
                id="description"
                name="description"
                rows="5"
              />
            </div>
          </div>
          <div
            class="modal-footer"
          >
            <button
              class="fs-5 btn btn-secondary"
              data-bs-dismiss="modal"
              data-testid="cancel-btn"
              type="button"
            >
              Cancel
            </button>
            <button
              class="fs-5 btn btn-success"
              data-bs-dismiss="modal"
              data-testid="edit-btn"
              type="button"
            >
              Change Project
            </button>
          </div>
        </div>
      </div>
    </div>
  </div>
</DocumentFragment>
`;
